 
****************************************
Report : area
Design : program_counter
Version: O-2018.06-SP1
Date   : Sat Jan 24 11:35:39 2026
****************************************

Library(s) Used:

    IBM_CMOS8HP_SS125 (File: /apps/design_kits/ibm_kits/IBM_IP/ibm_cmos8hp/std_cell/sc/v.20110613/synopsys/ss_125/IBM_CMOS8HP_SS125.db)

Number of ports:                           46
Number of nets:                           191
Number of cells:                          144
Number of combinational cells:            118
Number of sequential cells:                25
Number of macros/black boxes:               0
Number of buf/inv:                         77
Number of references:                      30

Combinational area:               1384.320024
Buf/Inv area:                      625.920014
Noncombinational area:            1322.880009
Macro/Black Box area:                0.000000
Net Interconnect area:      undefined  (Wire load has zero net area)

Total cell area:                  2707.200033
Total area:                 undefined

Hierarchical area distribution
------------------------------

                                  Global cell area          Local cell area
                                  ------------------  ---------------------------- 
Hierarchical cell                 Absolute   Percent  Combi-     Noncombi-  Black-
                                  Total      Total    national   national   boxes   Design
--------------------------------  ---------  -------  ---------  ---------  ------  --------------------------
program_counter                   2707.2000    100.0  1157.7600  1322.8800  0.0000  program_counter
add_75                             226.5600      8.4   226.5600     0.0000  0.0000  program_counter_DW01_add_0
--------------------------------  ---------  -------  ---------  ---------  ------  --------------------------
Total                                                 1384.3200  1322.8800  0.0000

1
