 
****************************************
Report : area
Design : signed_adder8
Version: O-2018.06-SP1
Date   : Fri Jan 30 16:37:09 2026
****************************************

Library(s) Used:

    IBM_CMOS8HP_SS125 (File: /apps/design_kits/ibm_kits/IBM_IP/ibm_cmos8hp/std_cell/sc/v.20110613/synopsys/ss_125/IBM_CMOS8HP_SS125.db)

Number of ports:                           60
Number of nets:                           477
Number of cells:                          391
Number of combinational cells:            311
Number of sequential cells:                78
Number of macros/black boxes:               0
Number of buf/inv:                        186
Number of references:                      45

Combinational area:               3792.000050
Buf/Inv area:                     1680.000042
Noncombinational area:            4122.240036
Macro/Black Box area:                0.000000
Net Interconnect area:      undefined  (Wire load has zero net area)

Total cell area:                  7914.240086
Total area:                 undefined

Hierarchical area distribution
------------------------------

                                  Global cell area          Local cell area
                                  ------------------  ---------------------------- 
Hierarchical cell                 Absolute   Percent  Combi-     Noncombi-  Black-
                                  Total      Total    national   national   boxes   Design
--------------------------------  ---------  -------  ---------  ---------  ------  -----------------------------
signed_adder8                     7914.2401    100.0  3285.1200  2674.5600  0.0000  signed_adder8
u_core                            1954.5600     24.7   188.1600  1447.6800  0.0000  signed_adder8_core
u_core/add_165                     318.7200      4.0   318.7200     0.0000  0.0000  signed_adder8_core_DW01_add_0
--------------------------------  ---------  -------  ---------  ---------  ------  -----------------------------
Total                                                 3792.0000  4122.2400  0.0000

1
